============================= test session starts =============================
platform win32 -- Python 3.12.0, pytest-9.0.2, pluggy-1.6.0 -- C:\Users\Basil\AppData\Local\Programs\Python\Python312\python.exe
cachedir: .pytest_cache
rootdir: C:\Users\Basil\echoform
plugins: anyio-4.12.1
collecting ... collected 4 items / 2 errors

=================================== ERRORS ====================================
____________________ ERROR collecting backend/test_api.py _____________________
..\AppData\Local\Programs\Python\Python312\Lib\site-packages\_pytest\python.py:507: in importtestmodule
    mod = import_path(
..\AppData\Local\Programs\Python\Python312\Lib\site-packages\_pytest\pathlib.py:587: in import_path
    importlib.import_module(module_name)
..\AppData\Local\Programs\Python\Python312\Lib\importlib\__init__.py:90: in import_module
    return _bootstrap._gcd_import(name[level:], package, level)
           ^^^^^^^^^^^^^^^^^^^^^^^^^^^^^^^^^^^^^^^^^^^^^^^^^^^^
<frozen importlib._bootstrap>:1381: in _gcd_import
    ???
<frozen importlib._bootstrap>:1354: in _find_and_load
    ???
<frozen importlib._bootstrap>:1325: in _find_and_load_unlocked
    ???
<frozen importlib._bootstrap>:929: in _load_unlocked
    ???
..\AppData\Local\Programs\Python\Python312\Lib\site-packages\_pytest\assertion\rewrite.py:197: in exec_module
    exec(co, module.__dict__)
backend\test_api.py:2: in <module>
    from backend.app.main import app
E     File "C:\Users\Basil\echoform\backend\app\main.py", line 25
E       global db_hypotheses
E       ^^^^^^^^^^^^^^^^^^^^
E   SyntaxError: name 'db_hypotheses' is used prior to global declaration
______________________ ERROR collecting test_output.txt _______________________
..\AppData\Local\Programs\Python\Python312\Lib\pathlib.py:1029: in read_text
    return f.read()
           ^^^^^^^^
<frozen codecs>:322: in decode
    ???
E   UnicodeDecodeError: 'utf-8' codec can't decode byte 0xff in position 0: invalid start byte
=========================== short test summary info ===========================
ERROR backend/test_api.py
ERROR test_output.txt - UnicodeDecodeError: 'utf-8' codec can't decode byte 0...
!!!!!!!!!!!!!!!!!!! Interrupted: 2 errors during collection !!!!!!!!!!!!!!!!!!!
============================== 2 errors in 1.30s ==============================
